task6-F01
rc=0
task6-F02
rc=0
task6-N01
rc=1
task6-N04
task runner invalid: task is not registered
rc=1
task13-F01
rc=0
task13-F04
rc=0
task13-N05
Traceback (most recent call last):
  File "/tmp/task22-reg-final/tests/readiness/task13/test_task13.py", line 258, in <module>
    raise SystemExit(main())
                     ^^^^^^
  File "/tmp/task22-reg-final/tests/readiness/task13/test_task13.py", line 253, in main
    return negative_case(sys.argv[2], fixture, repo)
           ^^^^^^^^^^^^^^^^^^^^^^^^^^^^^^^^^^^^^^^^^
  File "/tmp/task22-reg-final/tests/readiness/task13/test_task13.py", line 135, in negative_case
    project_user_secret(source, runtime, "fixture")
  File "/tmp/task22-reg-final/scripts/readiness/task13/runtime.py", line 219, in project_user_secret
    raise ContractError("consumer-source-invalid")
scripts.readiness.task13.contracts.ContractError: consumer-source-invalid
rc=1
task15-F01
rc=0
task15-F03
rc=0
task15-N20
rc=0
REGRESSIONS E2E7 PASS
