fixture:F01-single-option-owners
error:
       … in the condition of the assert statement
         at /tmp/task22-reg-final/tests/readiness/task5/architecture/graph.nix:328:1:
          327| assert builtins.length moduleFiles >= builtins.length architectureNodes;
          328| assert lib.all (owners: builtins.length owners <= 1) optionOwners;
             | ^
          329| assert lib.all (value: value) checked;

       … while calling the 'all' builtin
         at /tmp/task22-reg-final/tests/readiness/task5/architecture/graph.nix:328:8:
          327| assert builtins.length moduleFiles >= builtins.length architectureNodes;
          328| assert lib.all (owners: builtins.length owners <= 1) optionOwners;
             |        ^
          329| assert lib.all (value: value) checked;

       (stack trace truncated; use '--show-trace' to show the full, detailed trace)

       error: The option `den.aspects.aarch64-darwin-device-capability-routing' does not exist. Definition values:
       - In `/tmp/task22-reg-final/modules/aspects/hardware/device-capability-routing.nix':
           {
             darwin = {
               assertions = [
                 {
                   assertion = true;
           ...

       Did you mean `den.aspects.aarch64-darwin-storage', `den.aspects.aarch64-darwin' or `den.aspects.aarch64-linux-storage'?

rc=1
