fixture:F01-identity-media-layout
fixture_rc=0
fixture:F04-runtime-consumer-isolation
fixture_rc=0
negative:N05-consumer-cleanup
Traceback (most recent call last):
  File "/tmp/nix-config-task22-review-current/tests/readiness/task13/test_task13.py", line 258, in <module>
    raise SystemExit(main())
                     ^^^^^^
  File "/tmp/nix-config-task22-review-current/tests/readiness/task13/test_task13.py", line 253, in main
    return negative_case(sys.argv[2], fixture, repo)
           ^^^^^^^^^^^^^^^^^^^^^^^^^^^^^^^^^^^^^^^^^
  File "/tmp/nix-config-task22-review-current/tests/readiness/task13/test_task13.py", line 135, in negative_case
    project_user_secret(source, runtime, "fixture")
  File "/tmp/nix-config-task22-review-current/scripts/readiness/task13/runtime.py", line 219, in project_user_secret
    raise ContractError("consumer-source-invalid")
scripts.readiness.task13.contracts.ContractError: consumer-source-invalid
rejected_rc=1
negative:N16-interruption
Traceback (most recent call last):
  File "/tmp/nix-config-task22-review-current/tests/readiness/task13/test_task13.py", line 258, in <module>
    raise SystemExit(main())
                     ^^^^^^
  File "/tmp/nix-config-task22-review-current/tests/readiness/task13/test_task13.py", line 253, in main
    return negative_case(sys.argv[2], fixture, repo)
           ^^^^^^^^^^^^^^^^^^^^^^^^^^^^^^^^^^^^^^^^^
  File "/tmp/nix-config-task22-review-current/tests/readiness/task13/test_task13.py", line 197, in negative_case
    raise ContractError("interruptions-rejected")
scripts.readiness.task13.contracts.ContractError: interruptions-rejected
rejected_rc=1
negative:N21-interruption-private-cleanup
Traceback (most recent call last):
  File "/tmp/nix-config-task22-review-current/tests/readiness/task13/test_task13.py", line 258, in <module>
    raise SystemExit(main())
                     ^^^^^^
  File "/tmp/nix-config-task22-review-current/tests/readiness/task13/test_task13.py", line 253, in main
    return negative_case(sys.argv[2], fixture, repo)
           ^^^^^^^^^^^^^^^^^^^^^^^^^^^^^^^^^^^^^^^^^
  File "/tmp/nix-config-task22-review-current/tests/readiness/task13/test_task13.py", line 205, in negative_case
    reject_interrupted_private_retention(fixture, repo)
  File "/tmp/nix-config-task22-review-current/tests/readiness/task13/security_regressions.py", line 198, in reject_interrupted_private_retention
    raise ContractError("interrupted-private-retention-rejected")
scripts.readiness.task13.contracts.ContractError: interrupted-private-retention-rejected
rejected_rc=1
TASK13 REGRESSION PASS
