fixture:F01-single-option-owners
task5-architecture-graph=PASS
task5-host-entity-seam=PASS
warning: Nix search path entry '/home/mei/.nix-defexpr/channels' does not exist, ignoring
task5-observable-contract=PASS
task5-architecture-owner-fixture=PASS
evaluation warning: External use of `lib.modules.collectModules` is deprecated. If your use case isn't covered by non-deprecated functions, we'd like to know more and perhaps support your use case well, instead of providing access to these low level functions. In this case please open an issue in https://github.com/nixos/nixpkgs/issues/.
task5-platform-boundaries=PASS
TASK 5 COMPAT PASS
fixture_rc=0
fixture:F02-platform-import-boundaries
task5-architecture-graph=PASS
task5-host-entity-seam=PASS
evaluation warning: External use of `lib.modules.collectModules` is deprecated. If your use case isn't covered by non-deprecated functions, we'd like to know more and perhaps support your use case well, instead of providing access to these low level functions. In this case please open an issue in https://github.com/nixos/nixpkgs/issues/.
task5-platform-boundaries=PASS
warning: Nix search path entry '/home/mei/.nix-defexpr/channels' does not exist, ignoring
task5-observable-contract=PASS
task5-architecture-boundary-fixture=PASS
evaluation warning: External use of `lib.modules.collectModules` is deprecated. If your use case isn't covered by non-deprecated functions, we'd like to know more and perhaps support your use case well, instead of providing access to these low level functions. In this case please open an issue in https://github.com/nixos/nixpkgs/issues/.
task5-platform-boundaries=PASS
TASK 5 COMPAT PASS
fixture_rc=0
negative:N01-duplicate-option-owner
task5-mutant-rejected=duplicate-owner
task5-mutant-rejected=duplicate-compatibility-owner
task5-mutant-rejected=cycle
task5-mutant-rejected=missing-layer
task5-mutant-rejected=extra-layer
task5-architecture-owner-negative=PASS
evaluation warning: External use of `lib.modules.collectModules` is deprecated. If your use case isn't covered by non-deprecated functions, we'd like to know more and perhaps support your use case well, instead of providing access to these low level functions. In this case please open an issue in https://github.com/nixos/nixpkgs/issues/.
task5-platform-boundaries=PASS
TASK 5 COMPAT PASS
rejected_rc=1
negative:N02-cross-platform-internal-import
evaluation warning: External use of `lib.modules.collectModules` is deprecated. If your use case isn't covered by non-deprecated functions, we'd like to know more and perhaps support your use case well, instead of providing access to these low level functions. In this case please open an issue in https://github.com/nixos/nixpkgs/issues/.
task5-mutant-rejected=linux-imports-darwin
task5-mutant-rejected=darwin-imports-linux
task5-boundary-owner-mutant-rejected=modules/aspects/platforms/linux/base.nix
task5-boundary-owner-mutant-rejected=modules/aspects/platforms/linux/secrets.nix
task5-boundary-owner-mutant-rejected=modules/aspects/platforms/darwin/base.nix
task5-boundary-owner-mutant-rejected=modules/aspects/platforms/darwin/home-manager.nix
task5-boundary-owner-mutant-rejected=modules/aspects/platforms/darwin/secrets.nix
task5-boundary-owner-matrix=PASS
task5-owner-manifest-mutant-rejected=deletion
task5-owner-manifest-mutant-rejected=rename
task5-owner-manifest-mutant-rejected=extra-owner
task5-owner-manifest-mutant-rejected=symlink
task5-owner-manifest-mutant-rejected=mode
task5-owner-manifest-mutant-rejected=content-owner-drift
task5-owner-manifest-matrix=PASS
task5-architecture-boundary-negative=PASS
evaluation warning: External use of `lib.modules.collectModules` is deprecated. If your use case isn't covered by non-deprecated functions, we'd like to know more and perhaps support your use case well, instead of providing access to these low level functions. In this case please open an issue in https://github.com/nixos/nixpkgs/issues/.
task5-platform-boundaries=PASS
TASK 5 COMPAT PASS
rejected_rc=1
TASK5 REGRESSION PASS
