fixture:F01-portal-config-bytes
portal mapping byte exact PASS sha256=e948ddcd8fc6033132ac01bfab1923ad76b17bd6a64eae6c0c11d1c0a7e0ce70
fixture_rc=0
fixture:F03-obs-screencast-frame
OBS store executable declared; PipeWire ScreenCast frame fixture PASS
fixture_rc=0
fixture:F04-kde-picker-gtk-qt
GTK picker PASS; Qt picker PASS; KDE restricted owner PASS
fixture_rc=0
fixture:F05-gtk-access-notification-secret
GTK Access/Notification PASS; GNOME Keyring Secret unlock PASS
fixture_rc=0
negative:N01-portal-fallback-duplication
TASK19 N01-portal-fallback-duplication FAIL: N01 fallback mutant rejected
rejected_rc=1
negative:N02-remote-desktop
TASK19 N02-remote-desktop FAIL: N02 RemoteDesktop mutant rejected
rejected_rc=1
negative:N03-package-presence-only
TASK19 N03-package-presence-only FAIL: package-only evidence must be rejected
rejected_rc=1
TASK19 LIGHT REGRESSION PASS
