mutant-ordering=KILLED rc=1 reason=false
mutant-shadow-comparison=KILLED rc=1 reason=consumer\ mismatch\ was\ accepted
mutant-directory-owner-name-lookup=KILLED rc=1 reason=valid-empty-target-nss\ expected=pass\ rc=1\ verdict=FAIL
mutant-directory-group-name-lookup=KILLED rc=1 reason=valid-empty-target-nss\ expected=pass\ rc=1\ verdict=FAIL
mutant-file-owner-name-lookup=KILLED rc=1 reason=valid-empty-target-nss\ expected=pass\ rc=1\ verdict=FAIL
mutant-file-group-name-lookup=KILLED rc=1 reason=valid-empty-target-nss\ expected=pass\ rc=1\ verdict=FAIL
mutant-pre-users-sentinel-owner-name=KILLED rc=1 reason=missing-existing-unlocked-empty-target-nss\ expected=pass\ rc=0\ verdict=FAIL
mutant-pre-users-install-owner-name=KILLED rc=1 reason=missing-existing-unlocked-empty-target-nss\ expected=pass\ rc=1\ verdict=FAIL
mutant-pre-users-install-group-name=KILLED rc=1 reason=missing-existing-unlocked-empty-target-nss\ expected=pass\ rc=1\ verdict=FAIL
mutant-sentinel-newline=KILLED rc=1 reason=missing-existing-unlocked\ expected=pass\ rc=1\ verdict=FAIL
mutant-symlink=KILLED rc=1 reason=file-dangling-symlink\ expected=fail\ rc=0\ verdict=FAIL
mutant-parent-symlink=KILLED rc=1 reason=parent-symlink\ expected=fail\ rc=1\ verdict=FAIL
mutant-salt-bound=KILLED rc=1 reason=empty-salt\ expected=fail\ rc=0\ verdict=FAIL
mutant-helper-salt-lower=KILLED rc=1 reason=generator\ fixture\ empty_salt\ was\ accepted
mutant-helper-salt-upper=KILLED rc=1 reason=generator\ salt-87\ was\ accepted
mutant-extra-files=KILLED rc=1 reason=missing\ extra-files\ evidence
mutant-extra-files-ownership=KILLED rc=1 reason=installer\ did\ not\ enforce\ root\ ownership\ for\ the\ bootstrap\ secret
mutant-destination-substitution=KILLED rc=1 reason=installer\ did\ not\ enforce\ local-only\ closure\ transfer
mutant-tool-pins=KILLED rc=1 reason=unpinned\ tool\ reference
mutant-cleanup=KILLED rc=1 reason=runtime\ cleanup\ failed
mutant-installer-tty=KILLED rc=1 reason=installer\ detached\ from\ caller\ session
mutant-installer-agent=KILLED rc=1 reason=installer\ inherited\ SSH\ agent
mutant-installer-agent-option=KILLED rc=1 reason=installer\ did\ not\ disable\ configured\ SSH\ agents
mutant-secret-detection=KILLED rc=1 reason=fixture\ multiline-initial\ was\ not\ detected
mutation-control=PASS tree=73894592e9d9f858ec0983808e0b6e307b635897
cleanup=/tmp/nix-bootstrap-mutations.HecG0M
