--- unique full payload per generation ---
generation=1 rc=0
        2 files                   0 bytes
                         61 876 224 bytes free

generation=2 rc=0
        2 files                   0 bytes
                         19 443 712 bytes free

Disk full
generation=3 rc=1
        2 files                   0 bytes
                          5 400 576 bytes free


--- shared kernel, unique initrd per generation ---
generation=1 rc=0
        2 files                   0 bytes
                         61 876 224 bytes free

generation=2 rc=0
        2 files                   0 bytes
                         33 486 848 bytes free

generation=3 rc=0
        2 files                   0 bytes
                          5 097 472 bytes free

Disk full
generation=4 rc=1
        2 files                   0 bytes
                          5 097 472 bytes free


--- shared kernel+initrd, 42 entries ---
entries=42 rc=0
        2 files                   0 bytes
                         61 790 208 bytes free

