fsck.fat 4.2 (2021-01-31)
Checking we can access the last sector of the filesystem
Boot sector contents:
System ID "mkfs.fat"
Media byte 0xf8 (hard disk)
       512 bytes per logical sector
      2048 bytes per cluster
         4 reserved sectors
First FAT starts at byte 2048 (sector 4)
         2 FATs, 16 bit entries
    102400 bytes per FAT (= 200 sectors)
Root directory starts at byte 206848 (sector 404)
       512 root directory entries
Data area starts at byte 223232 (sector 436)
     51091 data clusters (104634368 bytes)
32 sectors/track, 8 heads
         0 hidden sectors
    204800 sectors total
Checking for unused clusters.
.omo/ulw-research/20260713-120115/esp-fat-model/esp-100MiB.img: 0 files, 0/51091 clusters
